scripts/inject-category-i18n.ts(931,15): error TS2322: Type '{ [x: string]: unknown; }' is not assignable to type 'JsonNull | InputJsonValue | undefined'.
  Type '{ [x: string]: unknown; }' is missing the following properties from type 'readonly (InputJsonValue | null)[]': length, concat, join, slice, and 26 more.
src/app/[locale]/(admin)/admin/customers/page.tsx(200,17): error TS2322: Type '{ name: string; id: string; }[] | undefined' is not assignable to type 'PriceList[]'.
  Type 'undefined' is not assignable to type 'PriceList[]'.
src/components/admin/cms/cms-page-form.tsx(83,9): error TS2783: 'title' is specified more than once, so this usage will be overwritten.
src/components/admin/cms/cms-page-form.tsx(84,9): error TS2783: 'description' is specified more than once, so this usage will be overwritten.
src/components/admin/cms/cms-page-form.tsx(85,9): error TS2783: 'body' is specified more than once, so this usage will be overwritten.
src/components/admin/cms/rich-text-editor.tsx(254,45): error TS2559: Type 'false' has no properties in common with type 'SetContentOptions'.
src/components/admin/cms/rich-text-editor.tsx(271,31): error TS2339: Property 'setImage' does not exist on type 'ChainedCommands'.
src/components/admin/product-price-history.tsx(100,23): error TS2322: Type '(value: number, name: string) => [string, string]' is not assignable to type 'Formatter<number, string> & ((value: number, name: string, item: Payload<number, string>, index: number, payload: Payload<number, string>[]) => ReactNode | [...])'.
  Type '(value: number, name: string) => [string, string]' is not assignable to type 'Formatter<number, string>'.
    Types of parameters 'value' and 'value' are incompatible.
      Type 'number | undefined' is not assignable to type 'number'.
        Type 'undefined' is not assignable to type 'number'.
src/emails/low-stock-alert.tsx(99,29): error TS2322: Type 'number' is not assignable to type 'ReactNode & string'.
src/lib/audit.ts(20,7): error TS2322: Type 'Record<string, { old: unknown; new: unknown; }> | undefined' is not assignable to type 'InputJsonValue | NullableJsonNullValueInput | undefined'.
  Type 'Record<string, { old: unknown; new: unknown; }>' is not assignable to type 'InputJsonValue | NullableJsonNullValueInput | undefined'.
    Type 'Record<string, { old: unknown; new: unknown; }>' is missing the following properties from type 'readonly (InputJsonValue | null)[]': length, concat, join, slice, and 26 more.
参考UI设计/app/layout.tsx(3,27): error TS2307: Cannot find module '@vercel/analytics/next' or its corresponding type declarations.
参考UI设计/app/page.tsx(1,24): error TS2307: Cannot find module '@/components/top-bar' or its corresponding type declarations.
参考UI设计/app/page.tsx(2,24): error TS2307: Cannot find module '@/components/navbar' or its corresponding type declarations.
参考UI设计/app/page.tsx(3,29): error TS2307: Cannot find module '@/components/hero-section' or its corresponding type declarations.
参考UI设计/app/page.tsx(4,33): error TS2307: Cannot find module '@/components/products-section' or its corresponding type declarations.
参考UI设计/app/page.tsx(5,29): error TS2307: Cannot find module '@/components/promo-banner' or its corresponding type declarations.
参考UI设计/app/page.tsx(6,28): error TS2307: Cannot find module '@/components/b2b-section' or its corresponding type declarations.
参考UI设计/app/page.tsx(7,28): error TS2307: Cannot find module '@/components/site-footer' or its corresponding type declarations.
参考UI设计/app/productos/[slug]/page.tsx(2,24): error TS2307: Cannot find module '@/components/top-bar' or its corresponding type declarations.
参考UI设计/app/productos/[slug]/page.tsx(3,24): error TS2307: Cannot find module '@/components/navbar' or its corresponding type declarations.
参考UI设计/app/productos/[slug]/page.tsx(4,28): error TS2307: Cannot find module '@/components/site-footer' or its corresponding type declarations.
参考UI设计/app/productos/[slug]/page.tsx(5,31): error TS2307: Cannot find module '@/components/product-detail' or its corresponding type declarations.
参考UI设计/app/productos/[slug]/page.tsx(6,44): error TS2307: Cannot find module '@/lib/products' or its corresponding type declarations.
参考UI设计/app/productos/[slug]/page.tsx(9,24): error TS7006: Parameter 'p' implicitly has an 'any' type.
参考UI设计/app/productos/page.tsx(1,24): error TS2307: Cannot find module '@/components/top-bar' or its corresponding type declarations.
参考UI设计/app/productos/page.tsx(2,24): error TS2307: Cannot find module '@/components/navbar' or its corresponding type declarations.
参考UI设计/app/productos/page.tsx(3,28): error TS2307: Cannot find module '@/components/site-footer' or its corresponding type declarations.
参考UI设计/app/productos/page.tsx(4,32): error TS2307: Cannot find module '@/components/product-listing' or its corresponding type declarations.
参考UI设计/components/product-detail.tsx(21,30): error TS2307: Cannot find module '@/lib/products' or its corresponding type declarations.
参考UI设计/components/product-detail.tsx(22,26): error TS2307: Cannot find module '@/lib/products' or its corresponding type declarations.
参考UI设计/components/product-detail.tsx(30,6): error TS7006: Parameter 'p' implicitly has an 'any' type.
参考UI设计/components/product-detail.tsx(73,36): error TS7006: Parameter 'img' implicitly has an 'any' type.
参考UI设计/components/product-detail.tsx(73,41): error TS7006: Parameter 'i' implicitly has an 'any' type.
参考UI设计/components/product-detail.tsx(277,42): error TS7006: Parameter 'feature' implicitly has an 'any' type.
参考UI设计/components/product-detail.tsx(277,51): error TS7006: Parameter 'i' implicitly has an 'any' type.
参考UI设计/components/product-detail.tsx(290,39): error TS7006: Parameter 'spec' implicitly has an 'any' type.
参考UI设计/components/product-detail.tsx(290,45): error TS7006: Parameter 'i' implicitly has an 'any' type.
参考UI设计/components/product-detail.tsx(438,37): error TS7006: Parameter 'p' implicitly has an 'any' type.
参考UI设计/components/product-listing.tsx(17,60): error TS2307: Cannot find module '@/lib/products' or its corresponding type declarations.
参考UI设计/components/product-listing.tsx(229,45): error TS7006: Parameter 'c' implicitly has an 'any' type.
参考UI设计/components/product-listing.tsx(319,28): error TS7006: Parameter 'cat' implicitly has an 'any' type.
参考UI设计/components/product-listing.tsx(341,24): error TS7006: Parameter 'brand' implicitly has an 'any' type.
参考UI设计/components/ui/alert-dialog.tsx(4,39): error TS2307: Cannot find module '@radix-ui/react-alert-dialog' or its corresponding type declarations.
参考UI设计/components/ui/aspect-ratio.tsx(3,39): error TS2307: Cannot find module '@radix-ui/react-aspect-ratio' or its corresponding type declarations.
参考UI设计/components/ui/calendar.tsx(9,60): error TS2307: Cannot find module 'react-day-picker' or its corresponding type declarations.
参考UI设计/components/ui/calendar.tsx(39,31): error TS7006: Parameter 'date' implicitly has an 'any' type.
参考UI设计/components/ui/calendar.tsx(128,18): error TS7031: Binding element 'className' implicitly has an 'any' type.
参考UI设计/components/ui/calendar.tsx(128,29): error TS7031: Binding element 'rootRef' implicitly has an 'any' type.
参考UI设计/components/ui/calendar.tsx(138,21): error TS7031: Binding element 'className' implicitly has an 'any' type.
参考UI设计/components/ui/calendar.tsx(138,32): error TS7031: Binding element 'orientation' implicitly has an 'any' type.
参考UI设计/components/ui/calendar.tsx(159,24): error TS7031: Binding element 'children' implicitly has an 'any' type.
参考UI设计/components/ui/carousel.tsx(6,8): error TS2307: Cannot find module 'embla-carousel-react' or its corresponding type declarations.
参考UI设计/components/ui/chart.tsx(109,3): error TS2339: Property 'payload' does not exist on type 'Omit<Props<ValueType, NameType>, PropertiesReadFromContext> & { active?: boolean | undefined; allowEscapeViewBox?: AllowInDimension | undefined; ... 24 more ...; wrapperStyle?: CSSProperties | undefined; } & ClassAttributes<...> & HTMLAttributes<...> & { ...; }'.
参考UI设计/components/ui/chart.tsx(114,3): error TS2339: Property 'label' does not exist on type 'Omit<Props<ValueType, NameType>, PropertiesReadFromContext> & { active?: boolean | undefined; allowEscapeViewBox?: AllowInDimension | undefined; ... 24 more ...; wrapperStyle?: CSSProperties | undefined; } & ClassAttributes<...> & HTMLAttributes<...> & { ...; }'.
参考UI设计/components/ui/chart.tsx(182,23): error TS7006: Parameter 'item' implicitly has an 'any' type.
参考UI设计/components/ui/chart.tsx(182,29): error TS7006: Parameter 'index' implicitly has an 'any' type.
参考UI设计/components/ui/chart.tsx(260,39): error TS2344: Type '"payload" | "verticalAlign"' does not satisfy the constraint '"string" | "method" | "d" | "k" | "r" | "x" | "y" | "z" | "filter" | "fill" | "values" | "key" | "href" | "style" | "name" | "type" | "children" | "end" | "id" | "width" | "height" | ... 422 more ... | "portal"'.
  Type '"payload"' is not assignable to type '"string" | "method" | "d" | "k" | "r" | "x" | "y" | "z" | "filter" | "fill" | "values" | "key" | "href" | "style" | "name" | "type" | "children" | "end" | "id" | "width" | "height" | ... 422 more ... | "portal"'.
参考UI设计/components/ui/chart.tsx(266,17): error TS2339: Property 'length' does not exist on type '{}'.
参考UI设计/components/ui/chart.tsx(278,16): error TS2339: Property 'map' does not exist on type '{}'.
参考UI设计/components/ui/chart.tsx(278,21): error TS7006: Parameter 'item' implicitly has an 'any' type.
参考UI设计/components/ui/command.tsx(53,9): error TS2322: Type '{ children: Element; className: string; showCloseButton: boolean; }' is not assignable to type 'IntrinsicAttributes & Omit<DialogContentProps & RefAttributes<HTMLDivElement>, "ref"> & RefAttributes<...>'.
  Property 'showCloseButton' does not exist on type 'IntrinsicAttributes & Omit<DialogContentProps & RefAttributes<HTMLDivElement>, "ref"> & RefAttributes<...>'.
参考UI设计/components/ui/context-menu.tsx(4,39): error TS2307: Cannot find module '@radix-ui/react-context-menu' or its corresponding type declarations.
参考UI设计/components/ui/drawer.tsx(4,43): error TS2307: Cannot find module 'vaul' or its corresponding type declarations.
参考UI设计/components/ui/input-otp.tsx(4,43): error TS2307: Cannot find module 'input-otp' or its corresponding type declarations.
参考UI设计/components/ui/input-otp.tsx(47,61): error TS2339: Property 'slots' does not exist on type 'string | number | boolean | ServerContextJSONArray | { [key: string]: ServerContextJSONValue; }'.
  Property 'slots' does not exist on type 'string'.
参考UI设计/components/ui/menubar.tsx(4,35): error TS2307: Cannot find module '@radix-ui/react-menubar' or its corresponding type declarations.
参考UI设计/components/ui/navigation-menu.tsx(2,42): error TS2307: Cannot find module '@radix-ui/react-navigation-menu' or its corresponding type declarations.
参考UI设计/components/ui/progress.tsx(4,36): error TS2307: Cannot find module '@radix-ui/react-progress' or its corresponding type declarations.
参考UI设计/components/ui/radio-group.tsx(4,38): error TS2307: Cannot find module '@radix-ui/react-radio-group' or its corresponding type declarations.
参考UI设计/components/ui/resizable.tsx(5,37): error TS2307: Cannot find module 'react-resizable-panels' or its corresponding type declarations.
参考UI设计/components/ui/sidebar.tsx(8,29): error TS2307: Cannot find module '@/hooks/use-mobile' or its corresponding type declarations.
参考UI设计/components/ui/sidebar.tsx(26,8): error TS2307: Cannot find module '@/components/ui/tooltip' or its corresponding type declarations.
参考UI设计/components/ui/toast.tsx(4,34): error TS2307: Cannot find module '@radix-ui/react-toast' or its corresponding type declarations.
参考UI设计/components/ui/toaster.tsx(3,26): error TS2307: Cannot find module '@/hooks/use-toast' or its corresponding type declarations.
参考UI设计/components/ui/toaster.tsx(11,8): error TS2307: Cannot find module '@/components/ui/toast' or its corresponding type declarations.
参考UI设计/components/ui/toaster.tsx(18,31): error TS7031: Binding element 'id' implicitly has an 'any' type.
参考UI设计/components/ui/toaster.tsx(18,35): error TS7031: Binding element 'title' implicitly has an 'any' type.
参考UI设计/components/ui/toaster.tsx(18,42): error TS7031: Binding element 'description' implicitly has an 'any' type.
参考UI设计/components/ui/toaster.tsx(18,55): error TS7031: Binding element 'action' implicitly has an 'any' type.
参考UI设计/components/ui/toggle-group.tsx(4,39): error TS2307: Cannot find module '@radix-ui/react-toggle-group' or its corresponding type declarations.
参考UI设计/components/ui/toggle-group.tsx(8,32): error TS2307: Cannot find module '@/components/ui/toggle' or its corresponding type declarations.
参考UI设计/components/ui/toggle.tsx(4,34): error TS2307: Cannot find module '@radix-ui/react-toggle' or its corresponding type declarations.
参考UI设计/components/ui/tooltip.tsx(4,35): error TS2307: Cannot find module '@radix-ui/react-tooltip' or its corresponding type declarations.
参考UI设计/components/ui/use-toast.ts(6,53): error TS2307: Cannot find module '@/components/ui/toast' or its corresponding type declarations.
参考UI设计/components/ui/use-toast.ts(158,22): error TS7006: Parameter 'open' implicitly has an 'any' type.
参考UI设计/hooks/use-toast.ts(6,53): error TS2307: Cannot find module '@/components/ui/toast' or its corresponding type declarations.
参考UI设计/hooks/use-toast.ts(158,22): error TS7006: Parameter 'open' implicitly has an 'any' type.
